// Jest Snapshot v1, https://goo.gl/fbAQLP

exports[`Apartment - Collection â†’housemates should find all rooms' current occupant or availability 1`] = `
"Larry


"
`;
